
> healix@0.1.0 build
> next build

▲ Next.js 16.2.4 (Turbopack)
- Environments: .env.local

⚠ The "middleware" file convention is deprecated. Please use "proxy" instead. Learn more: https://nextjs.org/docs/messages/middleware-to-proxy
  Creating an optimized production build ...
✓ Compiled successfully in 4.9s
  Running TypeScript ...
  Finished TypeScript in 2.0s ...
  Collecting page data using 7 workers ...
  Generating static pages using 7 workers (0/25) ...
  Generating static pages using 7 workers (6/25) 
  Generating static pages using 7 workers (12/25) 
  Generating static pages using 7 workers (18/25) 
✓ Generating static pages using 7 workers (25/25) in 210ms
  Finalizing page optimization ...

Route (app)
┌ ○ /
├ ○ /_not-found
├ ○ /about
├ ○ /admin
├ ○ /ai-check
├ ƒ /api/send-biolab
├ ƒ /api/send-contact
├ ƒ /api/send-sos
├ ƒ /api/send-trip-alert
├ ƒ /api/send-welcome
├ ƒ /api/suraksha/sos
├ ƒ /api/suraksha/start
├ ƒ /api/suraksha/track
├ ○ /biolabs
├ ○ /care
├ ○ /contact
├ ○ /dashboard
├ ○ /login
├ ○ /privacy
├ ○ /shesecure
├ ○ /signup
├ ○ /suraksha/start
├ ○ /terms
└ ƒ /track/[tripId]


ƒ Proxy (Middleware)

○  (Static)   prerendered as static content
ƒ  (Dynamic)  server-rendered on demand

