Retrieving project…
Deploying iitmbsdsms-projects/healix
Uploading [--------------------] (0.0B/59B)
Uploading [====================] (59.0B/59B)
Inspect: https://vercel.com/iitmbsdsms-projects/healix/1kg1uCD5UL87XXN9PmurRTHBpJbn [5s]
Production: https://healix-6c6h7oqxg-iitmbsdsms-projects.vercel.app [5s]
https://healix-6c6h7oqxg-iitmbsdsms-projects.vercel.appBuilding...
Building...
Building: Running build in Washington, D.C., USA (East) – iad1
Building: Build machine configuration: 2 cores, 8 GB
Building: Retrieving list of deployment files...
Building: Previous build caches not available.
Building: Downloading 98 deployment files...
Building: Running "vercel build"
Building: Vercel CLI 53.2.0
Building: Installing dependencies...
Building: npm warn deprecated node-domexception@1.0.0: Use your platform's native DOMException instead
Building: npm warn deprecated uuid@10.0.0: uuid@10 and below is no longer supported.  For ESM codebases, update to uuid@latest.  For CommonJS codebases, use uuid@11 (but be aware this version will likely be deprecated in 2028).
Building: added 492 packages in 15s
Building: 157 packages are looking for funding
Building: run `npm fund` for details
Building: Detected Next.js version: 16.2.4
Building: Running "npm run build"
Building: > healix@0.1.0 build
Building: > next build
Building: Applying modifyConfig from Vercel
Building: Attention: Next.js now collects completely anonymous telemetry regarding usage.
Building: This information is used to shape Next.js' roadmap and prioritize features.
Building: You can learn more, including how to opt-out if you'd not like to participate in this anonymous program, by visiting the following URL:
Building: https://nextjs.org/telemetry
Building: ▲ Next.js 16.2.4 (Turbopack)
Building: ⚠ The "middleware" file convention is deprecated. Please use "proxy" instead. Learn more: https://nextjs.org/docs/messages/middleware-to-proxy
Building: Creating an optimized production build ...
Building: ✓ Compiled successfully in 15.1s
Building: Running TypeScript ...
Building: Finished TypeScript in 6.4s ...
Building: Collecting page data using 1 worker ...
Building: Error: supabaseUrl is required.
Building: at module evaluation (.next/server/chunks/[root-of-the-server]__11x32u_._.js:1:1313)
Building: at instantiateModule (.next/server/chunks/[turbopack]_runtime.js:853:9)
Building: at instantiateRuntimeModule (.next/server/chunks/[turbopack]_runtime.js:882:12)
Building: at getOrInstantiateRuntimeModule (.next/server/chunks/[turbopack]_runtime.js:895:12)
Building: at Object.m (.next/server/chunks/[turbopack]_runtime.js:898:18)
Building: at Object.<anonymous> (.next/server/app/api/suraksha/failsafe/route.js:7:3)
Building: > Build error occurred
Building: Error: Failed to collect page data for /api/suraksha/failsafe
Building: at ignore-listed frames {
Building: type: 'Error'
Building: }
Building: Error: Command "npm run build" exited with 1
Error: Command "npm run build" exited with 1
